// Jest Snapshot v1, https://goo.gl/fbAQLP

exports[`<Main /> should render the headings 1`] = `
<main
  class="sc-bdfCDU esWOmd"
>
  <h1>
    React Avan√ßado
  </h1>
</main>
`;
